npm warn cleanup Failed to remove some directories [
npm warn cleanup   [
npm warn cleanup     '\\\\?\\C:\\Users\\croll\\Desktop\\Coding-Projects\\Wow DPS Sim\\classic\\.artifacts\\forever-site-release\\node_modules\\chokidar',
npm warn cleanup     [Error: EPERM: operation not permitted, rmdir 'C:\Users\croll\Desktop\Coding-Projects\Wow DPS Sim\classic\.artifacts\forever-site-release\node_modules\chokidar'] {
npm warn cleanup       errno: -4048,
npm warn cleanup       code: 'EPERM',
npm warn cleanup       syscall: 'rmdir',
npm warn cleanup       path: 'C:\\Users\\croll\\Desktop\\Coding-Projects\\Wow DPS Sim\\classic\\.artifacts\\forever-site-release\\node_modules\\chokidar'
npm warn cleanup     }
npm warn cleanup   ],
npm warn cleanup   [
npm warn cleanup     '\\\\?\\C:\\Users\\croll\\Desktop\\Coding-Projects\\Wow DPS Sim\\classic\\.artifacts\\forever-site-release\\node_modules',
npm warn cleanup     [Error: EPERM: operation not permitted, rmdir 'C:\Users\croll\Desktop\Coding-Projects\Wow DPS Sim\classic\.artifacts\forever-site-release\node_modules\path-scurry'] {
npm warn cleanup       errno: -4048,
npm warn cleanup       code: 'EPERM',
npm warn cleanup       syscall: 'rmdir',
npm warn cleanup       path: 'C:\\Users\\croll\\Desktop\\Coding-Projects\\Wow DPS Sim\\classic\\.artifacts\\forever-site-release\\node_modules\\path-scurry'
npm warn cleanup     }
npm warn cleanup   ]
npm warn cleanup ]
npm error code ENOTCACHED
npm error request to https://registry.npmjs.org/yaml/-/yaml-2.8.1.tgz failed: cache mode is 'only-if-cached' but no cached response is available.
npm error Log files were not written due to an error writing to the directory: C:\Users\croll\AppData\Local\npm-cache\_logs
npm error You can rerun the command with `--loglevel=verbose` to see the logs in your terminal
